// Jest Snapshot v1, https://goo.gl/fbAQLP

exports[`BaseButton renders correctly 1`] = `
<TextInput
  allowFontScaling={true}
  placeholder="First Name"
  placeholderTextColor="#9e9e9e"
  rejectResponderTermination={true}
  secureTextEntry={false}
  style={
    Object {
      "borderBottomColor": undefined,
      "borderBottomWidth": 1,
      "marginVertical": 11,
      "width": "100%",
    }
  }
  underlineColorAndroid="transparent"
/>
`;
